MPLINK 4.34, Linker
Linker Map File - Created Tue Feb 23 14:38:26 2010

                                 Section Info
                  Section       Type    Address   Location Size(Bytes)
                ---------  ---------  ---------  ---------  ---------
               _entry_scn       code   0x000000    program   0x000006
       .code__user_putc.o       code   0x000006    program   0x000002
              high_vector       code   0x000008    program   0x000006
          .code_adcbusy.o       code   0x00000e    program   0x00000a
               low_vector       code   0x000018    program   0x000006
                   .cinit    romdata   0x00001e    program   0x00001a
         .code_vfprintf.o       code   0x000038    program   0x000c22
              .code_lcd.o       code   0x000c5a    program   0x0001ac
            .code_servo.o       code   0x000e06    program   0x00017c
              .code_isr.o       code   0x000f82    program   0x000152
             .code_main.o       code   0x0010d4    program   0x000150
          .code_sprintf.o       code   0x001224    program   0x0000ac
               _cinit_scn       code   0x0012d0    program   0x00009e
             .code_init.o       code   0x00136e    program   0x000088
             .code_putc.o       code   0x0013f6    program   0x000084
               .code_ad.o       code   0x00147a    program   0x000074
          .code_fxm3232.o       code   0x0014ee    program   0x000070
          .code_adcopen.o       code   0x00155e    program   0x00006e
                   STRING       code   0x0015cc    program   0x000066
                     PROG       code   0x001632    program   0x00005a
            .code_delay.o       code   0x00168c    program   0x00004a
         .code_fxd3232u.o       code   0x0016d6    program   0x000048
             .stringtable    romdata   0x00171e    program   0x000033
       .idata_adcconv.o_i    romdata   0x001751    program   0x000000
       .romdata_adcconv.o    romdata   0x001751    program   0x000000
          .romdata_putc.o    romdata   0x001751    program   0x000000
       .idata_adcread.o_i    romdata   0x001751    program   0x000000
       .romdata_adcread.o    romdata   0x001751    program   0x000000
        .idata___init.o_i    romdata   0x001751    program   0x000000
        .romdata___init.o    romdata   0x001751    program   0x000000
       .idata_sprintf.o_i    romdata   0x001751    program   0x000000
       .romdata_sprintf.o    romdata   0x001751    program   0x000000
      .romdata_fxd3232u.o    romdata   0x001751    program   0x000000
      .idata_fxd3232u.o_i    romdata   0x001751    program   0x000000
         .idata_c018i.o_i    romdata   0x001751    program   0x000000
         .romdata_c018i.o    romdata   0x001751    program   0x000000
          .idata_main.o_i    romdata   0x001751    program   0x000000
           .romdata_lcd.o    romdata   0x001751    program   0x000000
            .idata_ad.o_i    romdata   0x001751    program   0x000000
            .romdata_ad.o    romdata   0x001751    program   0x000000
          .romdata_init.o    romdata   0x001751    program   0x000000
          .idata_init.o_i    romdata   0x001751    program   0x000000
         .code_adcsetch.o       code   0x001752    program   0x00002e
                    CTYPE       code   0x001780    program   0x000024
              D1KTCYXCODE       code   0x0017a4    program   0x000020
                    .code       code   0x0017c4    program   0x000020
             _startup_scn       code   0x0017e4    program   0x00001c
                    STDIO       code   0x001800    program   0x00001c
              D10TCYXCODE       code   0x00181c    program   0x000016
          .code_adcread.o       code   0x001832    program   0x000012
      .romdata_vfprintf.o    romdata   0x001844    program   0x000011
      .idata_vfprintf.o_i    romdata   0x001855    program   0x000000
       .idata_fxm3232.o_i    romdata   0x001855    program   0x000000
       .romdata_fxm3232.o    romdata   0x001855    program   0x000000
          .romdata_main.o    romdata   0x001855    program   0x000000
          .idata_putc.o_i    romdata   0x001855    program   0x000000
    .idata__user_putc.o_i    romdata   0x001855    program   0x000000
    .romdata__user_putc.o    romdata   0x001855    program   0x000000
         .idata_delay.o_i    romdata   0x001855    program   0x000000
         .romdata_delay.o    romdata   0x001855    program   0x000000
       .idata_adcopen.o_i    romdata   0x001855    program   0x000000
       .romdata_adcopen.o    romdata   0x001855    program   0x000000
       .romdata_adcbusy.o    romdata   0x001855    program   0x000000
       .idata_adcbusy.o_i    romdata   0x001855    program   0x000000
           .idata_lcd.o_i    romdata   0x001855    program   0x000000
      .idata_adcsetch.o_i    romdata   0x001855    program   0x000000
      .romdata_adcsetch.o    romdata   0x001855    program   0x000000
         .romdata_servo.o    romdata   0x001855    program   0x000000
           .romdata_isr.o    romdata   0x001855    program   0x000000
          .code_adcconv.o       code   0x001856    program   0x000004
            .code_c018i.o       code   0x001856    program   0x000000
           .code___init.o       code   0x00185a    program   0x000002
         .idata_servo.o_i    romdata   0x00185c    program   0x00000a
           .idata_isr.o_i    romdata   0x001866    program   0x000002
    .config_300001_main.o    romdata   0x300001    program   0x000001
    .config_300002_main.o    romdata   0x300002    program   0x000001
    .config_300003_main.o    romdata   0x300003    program   0x000001
    .config_300004_main.o    romdata   0x300004    program   0x000001
    .config_300005_main.o    romdata   0x300005    program   0x000001
    .config_300006_main.o    romdata   0x300006    program   0x000001
                MATH_DATA      udata   0x000000       data   0x000014
                 .tmpdata      udata   0x000014       data   0x000007
             high_isr_tmp      udata   0x00001b       data   0x000001
                DELAYDAT1      udata   0x00001c       data   0x000001
                   .stack      udata   0x000e00       data   0x000100
             .udata_lcd.o      udata   0x000f00       data   0x000010
           .udata_c018i.o      udata   0x000f10       data   0x00000a
           .idata_servo.o      idata   0x000f1a       data   0x00000a
             .idata_isr.o      idata   0x000f24       data   0x000002
         .udata_adcread.o      udata   0x000f26       data   0x000000
         .idata_adcread.o      idata   0x000f26       data   0x000000
        .udata_adcsetch.o      udata   0x000f26       data   0x000000
        .idata_adcsetch.o      idata   0x000f26       data   0x000000
          .udata___init.o      udata   0x000f26       data   0x000000
          .idata___init.o      idata   0x000f26       data   0x000000
         .udata_sprintf.o      udata   0x000f26       data   0x000000
         .idata_sprintf.o      idata   0x000f26       data   0x000000
        .udata_vfprintf.o      udata   0x000f26       data   0x000000
        .idata_vfprintf.o      idata   0x000f26       data   0x000000
        .udata_fxd3232u.o      udata   0x000f26       data   0x000000
        .idata_fxd3232u.o      idata   0x000f26       data   0x000000
         .udata_fxm3232.o      udata   0x000f26       data   0x000000
         .idata_fxm3232.o      idata   0x000f26       data   0x000000
            .udata_putc.o      udata   0x000f26       data   0x000000
            .idata_putc.o      idata   0x000f26       data   0x000000
      .udata__user_putc.o      udata   0x000f26       data   0x000000
      .idata__user_putc.o      idata   0x000f26       data   0x000000
            .idata_main.o      idata   0x000f26       data   0x000000
             .udata_isr.o      udata   0x000f26       data   0x000000
            .udata_main.o      udata   0x000f26       data   0x000000
           .udata_servo.o      udata   0x000f26       data   0x000000
             .idata_lcd.o      idata   0x000f26       data   0x000000
              .udata_ad.o      udata   0x000f26       data   0x000000
              .idata_ad.o      idata   0x000f26       data   0x000000
           .udata_delay.o      udata   0x000f26       data   0x000000
           .idata_delay.o      idata   0x000f26       data   0x000000
            .udata_init.o      udata   0x000f26       data   0x000000
            .idata_init.o      idata   0x000f26       data   0x000000
         .udata_adcbusy.o      udata   0x000f26       data   0x000000
         .idata_adcbusy.o      idata   0x000f26       data   0x000000
         .udata_adcconv.o      udata   0x000f26       data   0x000000
         .idata_adcconv.o      idata   0x000f26       data   0x000000
           .idata_c018i.o      idata   0x000f26       data   0x000000
         .udata_adcopen.o      udata   0x000f26       data   0x000000
         .idata_adcopen.o      idata   0x000f26       data   0x000000
            SFR_UNBANKED0      udata   0x000f62       data   0x00009e



                              Program Memory Usage 
                               Start         End      
                           ---------   ---------      
                            0x000000    0x001750      
                            0x001752    0x001854      
                            0x001856    0x001867      
                            0x300001    0x300006      
            6252 out of 132120 program addresses used, program memory utilization is 4%



                              Symbols - Sorted by Name
                     Name    Address   Location    Storage File                     
                ---------  ---------  ---------  --------- ---------                
                  BusyADC   0x00000e    program     extern C:\MCC18\src\pmc_common\ADC\adcbusy.c
               ConvertADC   0x001856    program     extern C:\MCC18\src\pmc_common\ADC\adcconv.c
                    D10_1   0x00182c    program     static C:\MCC18\src\traditional\delays\d10tcyx.asm
                     D10x   0x001824    program     static C:\MCC18\src\traditional\delays\d10tcyx.asm
                    D1K_1   0x0017b0    program     static C:\MCC18\src\traditional\delays\d1ktcyx.asm
                     D1Kx   0x0017ae    program     static C:\MCC18\src\traditional\delays\d1ktcyx.asm
              Delay10TCYx   0x00181c    program     extern C:\MCC18\src\traditional\delays\d10tcyx.asm
              Delay1KTCYx   0x0017a4    program     extern C:\MCC18\src\traditional\delays\d1ktcyx.asm
                 FXD3232U   0x0016d6    program     extern C:\MCC18\src\traditional\math\fxd3232u.c
                 FXM1616S   0x001632    program     extern C:\MCC18\src\traditional\math\fxm1616s.asm
                  FXM3232   0x0014ee    program     extern C:\MCC18\src\traditional\math\fxm3232.c
                  OpenADC   0x00155e    program     extern C:\MCC18\src\pmc_common\ADC\adcopen.c
                  ReadADC   0x001832    program     extern C:\MCC18\src\pmc_common\ADC\adcread.c
               SetChanADC   0x001752    program     extern C:\MCC18\src\pmc_common\ADC\adcsetch.c
               TSIGN1616A   0x00167e    program     static C:\MCC18\src\traditional\math\fxm1616s.asm
                   _2jEnd   0x00161c    program     static C:\MCC18\src\traditional\stdclib\slenpgm.asm
        _D10TCYXCODE_000A   0x001826    program     static C:\MCC18\src\traditional\delays\d10tcyx.asm
        _D10TCYXCODE_000C   0x001828    program     static C:\MCC18\src\traditional\delays\d10tcyx.asm
        _D10TCYXCODE_000E   0x00182a    program     static C:\MCC18\src\traditional\delays\d10tcyx.asm
        _D1KTCYXCODE_0010   0x0017b4    program     static C:\MCC18\src\traditional\delays\d1ktcyx.asm
        _D1KTCYXCODE_0016   0x0017ba    program     static C:\MCC18\src\traditional\delays\d1ktcyx.asm
       ___return_lbl00000   0x00155c    program     static                          
       ___return_lbl00000   0x000004    program     static                          
       ___return_lbl00000   0x00171c    program     static                          
       ___return_lbl00000   0x00001c    program     static                          
       ___return_lbl00001   0x0017fe    program     static                          
       ___return_lbl00002   0x00136c    program     static                          
       ___return_lbl00002   0x00000c    program     static                          
               __config_0   0x300001    program     static C:\Users\Jespiir\Desktop\2010-02-20\main.c
               __config_1   0x300002    program     static C:\Users\Jespiir\Desktop\2010-02-20\main.c
               __config_2   0x300003    program     static C:\Users\Jespiir\Desktop\2010-02-20\main.c
               __config_3   0x300004    program     static C:\Users\Jespiir\Desktop\2010-02-20\main.c
               __config_4   0x300005    program     static C:\Users\Jespiir\Desktop\2010-02-20\main.c
               __config_5   0x300006    program     static C:\Users\Jespiir\Desktop\2010-02-20\main.c
                   __init   0x00185a    program     extern C:\MCC18\src\traditional\stdclib\__init.c
                   __pa_0   0x000978    program     static C:\MCC18\src\traditional\stdclib\vfprintf.c
                   __pa_1   0x000980    program     static C:\MCC18\src\traditional\stdclib\vfprintf.c
                  __pa_10   0x000a34    program     static C:\MCC18\src\traditional\stdclib\vfprintf.c
                  __pa_11   0x000a42    program     static C:\MCC18\src\traditional\stdclib\vfprintf.c
                  __pa_12   0x000a58    program     static C:\MCC18\src\traditional\stdclib\vfprintf.c
                  __pa_13   0x000a72    program     static C:\MCC18\src\traditional\stdclib\vfprintf.c
                  __pa_14   0x000a8a    program     static C:\MCC18\src\traditional\stdclib\vfprintf.c
                  __pa_15   0x000a9a    program     static C:\MCC18\src\traditional\stdclib\vfprintf.c
                  __pa_16   0x000ab0    program     static C:\MCC18\src\traditional\stdclib\vfprintf.c
                  __pa_17   0x000ac2    program     static C:\MCC18\src\traditional\stdclib\vfprintf.c
                  __pa_18   0x000ad4    program     static C:\MCC18\src\traditional\stdclib\vfprintf.c
                  __pa_19   0x000ade    program     static C:\MCC18\src\traditional\stdclib\vfprintf.c
                   __pa_2   0x00098a    program     static C:\MCC18\src\traditional\stdclib\vfprintf.c
                  __pa_20   0x000aee    program     static C:\MCC18\src\traditional\stdclib\vfprintf.c
                  __pa_21   0x000afe    program     static C:\MCC18\src\traditional\stdclib\vfprintf.c
                  __pa_22   0x000b0e    program     static C:\MCC18\src\traditional\stdclib\vfprintf.c
                  __pa_23   0x000b1a    program     static C:\MCC18\src\traditional\stdclib\vfprintf.c
                  __pa_24   0x000b28    program     static C:\MCC18\src\traditional\stdclib\vfprintf.c
                  __pa_25   0x000b30    program     static C:\MCC18\src\traditional\stdclib\vfprintf.c
                  __pa_26   0x000b3a    program     static C:\MCC18\src\traditional\stdclib\vfprintf.c
                  __pa_27   0x000b44    program     static C:\MCC18\src\traditional\stdclib\vfprintf.c
                  __pa_28   0x000b4c    program     static C:\MCC18\src\traditional\stdclib\vfprintf.c
                  __pa_29   0x000b5a    program     static C:\MCC18\src\traditional\stdclib\vfprintf.c
                   __pa_3   0x000994    program     static C:\MCC18\src\traditional\stdclib\vfprintf.c
                  __pa_30   0x000b76    program     static C:\MCC18\src\traditional\stdclib\vfprintf.c
                  __pa_31   0x000b90    program     static C:\MCC18\src\traditional\stdclib\vfprintf.c
                  __pa_32   0x000baa    program     static C:\MCC18\src\traditional\stdclib\vfprintf.c
                  __pa_33   0x000bc2    program     static C:\MCC18\src\traditional\stdclib\vfprintf.c
                  __pa_34   0x000bcc    program     static C:\MCC18\src\traditional\stdclib\vfprintf.c
                  __pa_35   0x000bda    program     static C:\MCC18\src\traditional\stdclib\vfprintf.c
                  __pa_36   0x000be2    program     static C:\MCC18\src\traditional\stdclib\vfprintf.c
                  __pa_37   0x000bec    program     static C:\MCC18\src\traditional\stdclib\vfprintf.c
                  __pa_38   0x000bfc    program     static C:\MCC18\src\traditional\stdclib\vfprintf.c
                  __pa_39   0x000c0a    program     static C:\MCC18\src\traditional\stdclib\vfprintf.c
                   __pa_4   0x0009ac    program     static C:\MCC18\src\traditional\stdclib\vfprintf.c
                  __pa_40   0x000c16    program     static C:\MCC18\src\traditional\stdclib\vfprintf.c
                  __pa_41   0x000c22    program     static C:\MCC18\src\traditional\stdclib\vfprintf.c
                  __pa_42   0x000c2a    program     static C:\MCC18\src\traditional\stdclib\vfprintf.c
                  __pa_43   0x000c34    program     static C:\MCC18\src\traditional\stdclib\vfprintf.c
                  __pa_44   0x000c3a    program     static C:\MCC18\src\traditional\stdclib\vfprintf.c
                  __pa_45   0x000c44    program     static C:\MCC18\src\traditional\stdclib\vfprintf.c
                  __pa_46   0x000c50    program     static C:\MCC18\src\traditional\stdclib\vfprintf.c
                   __pa_5   0x0009c0    program     static C:\MCC18\src\traditional\stdclib\vfprintf.c
                   __pa_6   0x0009dc    program     static C:\MCC18\src\traditional\stdclib\vfprintf.c
                   __pa_7   0x0009e6    program     static C:\MCC18\src\traditional\stdclib\vfprintf.c
                   __pa_8   0x0009f2    program     static C:\MCC18\src\traditional\stdclib\vfprintf.c
                   __pa_9   0x000a14    program     static C:\MCC18\src\traditional\stdclib\vfprintf.c
               __string_0   0x001740    program     static C:\Users\Jespiir\Desktop\2010-02-20\main.c
               __string_1   0x00172f    program     static C:\Users\Jespiir\Desktop\2010-02-20\main.c
               __string_2   0x00171e    program     static C:\Users\Jespiir\Desktop\2010-02-20\main.c
              __tmplbl_42   0x000b0e    program     static                          
              __tmplbl_43   0x000956    program     static                          
              __tmplbl_44   0x00093c    program     static                          
              __tmplbl_85   0x00008e    program     static                          
            __zero_memory   0x0017c4    program     extern C:\MCC18\src\traditional\proc\p18F8722.asm
                _do_cinit   0x0012d0    program     extern C:\MCC18\src\traditional\startup\c018i.c
                   _entry   0x000000    program     extern C:\MCC18\src\traditional\startup\c018i.c
                   _false   0x001718    program     static                          
                 _startup   0x0017e4    program     extern C:\MCC18\src\traditional\startup\c018i.c
              _usart_putc   0x001800    program     extern C:\MCC18\src\pmc_common\USART\_usartpc.asm
               _user_putc   0x000006    program     extern C:\MCC18\src\traditional\stdclib\_user_putc.c
                 adc_init   0x00147a    program     extern C:\Users\Jespiir\Desktop\2010-02-20\ad.c
                 adc_read   0x00149a    program     extern C:\Users\Jespiir\Desktop\2010-02-20\ad.c
                compare_l   0x0017da    program     static C:\MCC18\src\traditional\proc\p18F8722.asm
                copy_loop   0x001342    program     static                          
            copy_one_byte   0x001348    program     static                          
                 delay_ms   0x00168c    program     extern C:\Users\Jespiir\Desktop\2010-02-20\delay.c
                     done   0x00136c    program     static                          
             done_copying   0x001356    program     static                          
                 high_isr   0x000fa4    program     extern C:\Users\Jespiir\Desktop\2010-02-20\isr.c
                     init   0x00136e    program     extern C:\Users\Jespiir\Desktop\2010-02-20\init.c
 interrupt_at_high_vector   0x000008    program     extern C:\Users\Jespiir\Desktop\2010-02-20\isr.c
  interrupt_at_low_vector   0x000018    program     extern C:\Users\Jespiir\Desktop\2010-02-20\isr.c
                  isdigit   0x001780    program     extern C:\MCC18\src\traditional\stdclib\isdigit.asm
                     jEnd   0x0015e6    program     static C:\MCC18\src\traditional\stdclib\strlen.asm
                     jEnd   0x00161e    program     static C:\MCC18\src\traditional\stdclib\slenpgm.asm
                    jLoop   0x001606    program     static C:\MCC18\src\traditional\stdclib\slenpgm.asm
                    jLoop   0x0015dc    program     static C:\MCC18\src\traditional\stdclib\strlen.asm
                   jMatch   0x0017a0    program     static C:\MCC18\src\traditional\stdclib\isdigit.asm
                 jNoMatch   0x0017a2    program     static C:\MCC18\src\traditional\stdclib\isdigit.asm
           lcd_brightness   0x000dd8    program     extern C:\Users\Jespiir\Desktop\2010-02-20\lcd.c
                  lcd_cls   0x000d9e    program     extern C:\Users\Jespiir\Desktop\2010-02-20\lcd.c
                  lcd_cmd   0x000cf4    program     extern C:\Users\Jespiir\Desktop\2010-02-20\lcd.c
             lcd_contrast   0x000db2    program     extern C:\Users\Jespiir\Desktop\2010-02-20\lcd.c
                 lcd_init   0x000c5a    program     extern C:\Users\Jespiir\Desktop\2010-02-20\lcd.c
                  lcd_txt   0x000d24    program     extern C:\Users\Jespiir\Desktop\2010-02-20\lcd.c
                     loop   0x001810    program     static C:\MCC18\src\pmc_common\USART\_usartpc.asm
                     loop   0x0017f4    program     static                          
                     loop   0x0016e4    program     static                          
                   loop_h   0x0017d2    program     static C:\MCC18\src\traditional\proc\p18F8722.asm
                   loop_l   0x0017dc    program     static C:\MCC18\src\traditional\proc\p18F8722.asm
                  low_isr   0x000f82    program     extern C:\Users\Jespiir\Desktop\2010-02-20\isr.c
                     main   0x0010d4    program     extern C:\Users\Jespiir\Desktop\2010-02-20\main.c
                     putc   0x0013f6    program     extern C:\MCC18\src\traditional\stdclib\putc.c
                 s_digits   0x001844    program     static C:\MCC18\src\traditional\stdclib\vfprintf.c
            s_put_n_chars   0x000038    program     static C:\MCC18\src\traditional\stdclib\vfprintf.c
             servo_enable   0x000f20    program     extern C:\Users\Jespiir\Desktop\2010-02-20\servo.c
           servo_inverted   0x000e06    program     extern C:\Users\Jespiir\Desktop\2010-02-20\servo.c
           servo_position   0x000e60    program     extern C:\Users\Jespiir\Desktop\2010-02-20\servo.c
                  sprintf   0x001224    program     extern C:\MCC18\src\traditional\stdclib\sprintf.c
                   strlen   0x0015cc    program     extern C:\MCC18\src\traditional\stdclib\strlen.asm
                strlenpgm   0x0015e8    program     extern C:\MCC18\src\traditional\stdclib\slenpgm.asm
                     test   0x0012ea    program     static                          
                 vfprintf   0x000064    program     extern C:\MCC18\src\traditional\stdclib\vfprintf.c
               zero_block   0x0017d2    program     static C:\MCC18\src\traditional\proc\p18F8722.asm
                   ADCON0   0x000fc2       data     extern C:\MCC18\src\traditional\proc\p18F8722.asm
               ADCON0bits   0x000fc2       data     extern C:\MCC18\src\traditional\proc\p18F8722.asm
                   ADCON1   0x000fc1       data     extern C:\MCC18\src\traditional\proc\p18F8722.asm
               ADCON1bits   0x000fc1       data     extern C:\MCC18\src\traditional\proc\p18F8722.asm
                   ADCON2   0x000fc0       data     extern C:\MCC18\src\traditional\proc\p18F8722.asm
               ADCON2bits   0x000fc0       data     extern C:\MCC18\src\traditional\proc\p18F8722.asm
                    ADRES   0x000fc3       data     extern C:\MCC18\src\traditional\proc\p18F8722.asm
                   ADRESH   0x000fc4       data     extern C:\MCC18\src\traditional\proc\p18F8722.asm
                   ADRESL   0x000fc3       data     extern C:\MCC18\src\traditional\proc\p18F8722.asm
                  BAUDCON   0x000f7e       data     extern C:\MCC18\src\traditional\proc\p18F8722.asm
                 BAUDCON1   0x000f7e       data     extern C:\MCC18\src\traditional\proc\p18F8722.asm
             BAUDCON1bits   0x000f7e       data     extern C:\MCC18\src\traditional\proc\p18F8722.asm
                 BAUDCON2   0x000f7c       data     extern C:\MCC18\src\traditional\proc\p18F8722.asm
             BAUDCON2bits   0x000f7c       data     extern C:\MCC18\src\traditional\proc\p18F8722.asm
              BAUDCONbits   0x000f7e       data     extern C:\MCC18\src\traditional\proc\p18F8722.asm
                      BSR   0x000fe0       data     extern C:\MCC18\src\traditional\proc\p18F8722.asm
                  CCP1CON   0x000fbd       data     extern C:\MCC18\src\traditional\proc\p18F8722.asm
              CCP1CONbits   0x000fbd       data     extern C:\MCC18\src\traditional\proc\p18F8722.asm
                  CCP2CON   0x000fba       data     extern C:\MCC18\src\traditional\proc\p18F8722.asm
              CCP2CONbits   0x000fba       data     extern C:\MCC18\src\traditional\proc\p18F8722.asm
                  CCP3CON   0x000fb7       data     extern C:\MCC18\src\traditional\proc\p18F8722.asm
              CCP3CONbits   0x000fb7       data     extern C:\MCC18\src\traditional\proc\p18F8722.asm
                  CCP4CON   0x000f73       data     extern C:\MCC18\src\traditional\proc\p18F8722.asm
              CCP4CONbits   0x000f73       data     extern C:\MCC18\src\traditional\proc\p18F8722.asm
                  CCP5CON   0x000f70       data     extern C:\MCC18\src\traditional\proc\p18F8722.asm
              CCP5CONbits   0x000f70       data     extern C:\MCC18\src\traditional\proc\p18F8722.asm
                    CCPR1   0x000fbe       data     extern C:\MCC18\src\traditional\proc\p18F8722.asm
                   CCPR1H   0x000fbf       data     extern C:\MCC18\src\traditional\proc\p18F8722.asm
                   CCPR1L   0x000fbe       data     extern C:\MCC18\src\traditional\proc\p18F8722.asm
                    CCPR2   0x000fbb       data     extern C:\MCC18\src\traditional\proc\p18F8722.asm
                   CCPR2H   0x000fbc       data     extern C:\MCC18\src\traditional\proc\p18F8722.asm
                   CCPR2L   0x000fbb       data     extern C:\MCC18\src\traditional\proc\p18F8722.asm
                    CCPR3   0x000fb8       data     extern C:\MCC18\src\traditional\proc\p18F8722.asm
                   CCPR3H   0x000fb9       data     extern C:\MCC18\src\traditional\proc\p18F8722.asm
                   CCPR3L   0x000fb8       data     extern C:\MCC18\src\traditional\proc\p18F8722.asm
                    CCPR4   0x000f74       data     extern C:\MCC18\src\traditional\proc\p18F8722.asm
                   CCPR4H   0x000f75       data     extern C:\MCC18\src\traditional\proc\p18F8722.asm
                   CCPR4L   0x000f74       data     extern C:\MCC18\src\traditional\proc\p18F8722.asm
                    CCPR5   0x000f71       data     extern C:\MCC18\src\traditional\proc\p18F8722.asm
                   CCPR5H   0x000f72       data     extern C:\MCC18\src\traditional\proc\p18F8722.asm
                   CCPR5L   0x000f71       data     extern C:\MCC18\src\traditional\proc\p18F8722.asm
                    CMCON   0x000fb4       data     extern C:\MCC18\src\traditional\proc\p18F8722.asm
                CMCONbits   0x000fb4       data     extern C:\MCC18\src\traditional\proc\p18F8722.asm
                   CVRCON   0x000fb5       data     extern C:\MCC18\src\traditional\proc\p18F8722.asm
               CVRCONbits   0x000fb5       data     extern C:\MCC18\src\traditional\proc\p18F8722.asm
                     DDRA   0x000f92       data     extern C:\MCC18\src\traditional\proc\p18F8722.asm
                 DDRAbits   0x000f92       data     extern C:\MCC18\src\traditional\proc\p18F8722.asm
                     DDRB   0x000f93       data     extern C:\MCC18\src\traditional\proc\p18F8722.asm
                 DDRBbits   0x000f93       data     extern C:\MCC18\src\traditional\proc\p18F8722.asm
                     DDRC   0x000f94       data     extern C:\MCC18\src\traditional\proc\p18F8722.asm
                 DDRCbits   0x000f94       data     extern C:\MCC18\src\traditional\proc\p18F8722.asm
                     DDRD   0x000f95       data     extern C:\MCC18\src\traditional\proc\p18F8722.asm
                 DDRDbits   0x000f95       data     extern C:\MCC18\src\traditional\proc\p18F8722.asm
                     DDRE   0x000f96       data     extern C:\MCC18\src\traditional\proc\p18F8722.asm
                 DDREbits   0x000f96       data     extern C:\MCC18\src\traditional\proc\p18F8722.asm
                     DDRF   0x000f97       data     extern C:\MCC18\src\traditional\proc\p18F8722.asm
                 DDRFbits   0x000f97       data     extern C:\MCC18\src\traditional\proc\p18F8722.asm
                     DDRG   0x000f98       data     extern C:\MCC18\src\traditional\proc\p18F8722.asm
                 DDRGbits   0x000f98       data     extern C:\MCC18\src\traditional\proc\p18F8722.asm
                     DDRH   0x000f99       data     extern C:\MCC18\src\traditional\proc\p18F8722.asm
                 DDRHbits   0x000f99       data     extern C:\MCC18\src\traditional\proc\p18F8722.asm
                     DDRJ   0x000f9a       data     extern C:\MCC18\src\traditional\proc\p18F8722.asm
                 DDRJbits   0x000f9a       data     extern C:\MCC18\src\traditional\proc\p18F8722.asm
            DelayCounter1   0x00001c       data     extern C:\MCC18\src\traditional\delays\delayd1.asm
                  ECCP1AS   0x000fb6       data     extern C:\MCC18\src\traditional\proc\p18F8722.asm
              ECCP1ASbits   0x000fb6       data     extern C:\MCC18\src\traditional\proc\p18F8722.asm
                 ECCP1CON   0x000fbd       data     extern C:\MCC18\src\traditional\proc\p18F8722.asm
             ECCP1CONbits   0x000fbd       data     extern C:\MCC18\src\traditional\proc\p18F8722.asm
                 ECCP1DEL   0x000f79       data     extern C:\MCC18\src\traditional\proc\p18F8722.asm
             ECCP1DELbits   0x000f79       data     extern C:\MCC18\src\traditional\proc\p18F8722.asm
                  ECCP2AS   0x000f68       data     extern C:\MCC18\src\traditional\proc\p18F8722.asm
              ECCP2ASbits   0x000f68       data     extern C:\MCC18\src\traditional\proc\p18F8722.asm
                 ECCP2CON   0x000fba       data     extern C:\MCC18\src\traditional\proc\p18F8722.asm
             ECCP2CONbits   0x000fba       data     extern C:\MCC18\src\traditional\proc\p18F8722.asm
                 ECCP2DEL   0x000f67       data     extern C:\MCC18\src\traditional\proc\p18F8722.asm
             ECCP2DELbits   0x000f67       data     extern C:\MCC18\src\traditional\proc\p18F8722.asm
                  ECCP3AS   0x000f6a       data     extern C:\MCC18\src\traditional\proc\p18F8722.asm
              ECCP3ASbits   0x000f6a       data     extern C:\MCC18\src\traditional\proc\p18F8722.asm
                 ECCP3CON   0x000fb7       data     extern C:\MCC18\src\traditional\proc\p18F8722.asm
             ECCP3CONbits   0x000fb7       data     extern C:\MCC18\src\traditional\proc\p18F8722.asm
                 ECCP3DEL   0x000f69       data     extern C:\MCC18\src\traditional\proc\p18F8722.asm
             ECCP3DELbits   0x000f69       data     extern C:\MCC18\src\traditional\proc\p18F8722.asm
                    EEADR   0x000fa9       data     extern C:\MCC18\src\traditional\proc\p18F8722.asm
                   EEADRH   0x000faa       data     extern C:\MCC18\src\traditional\proc\p18F8722.asm
                   EECON1   0x000fa6       data     extern C:\MCC18\src\traditional\proc\p18F8722.asm
               EECON1bits   0x000fa6       data     extern C:\MCC18\src\traditional\proc\p18F8722.asm
                   EECON2   0x000fa7       data     extern C:\MCC18\src\traditional\proc\p18F8722.asm
                   EEDATA   0x000fa8       data     extern C:\MCC18\src\traditional\proc\p18F8722.asm
                     FSR0   0x000fe9       data     extern C:\MCC18\src\traditional\proc\p18F8722.asm
                    FSR0H   0x000fea       data     extern C:\MCC18\src\traditional\proc\p18F8722.asm
                    FSR0L   0x000fe9       data     extern C:\MCC18\src\traditional\proc\p18F8722.asm
                     FSR1   0x000fe1       data     extern C:\MCC18\src\traditional\proc\p18F8722.asm
                    FSR1H   0x000fe2       data     extern C:\MCC18\src\traditional\proc\p18F8722.asm
                    FSR1L   0x000fe1       data     extern C:\MCC18\src\traditional\proc\p18F8722.asm
                     FSR2   0x000fd9       data     extern C:\MCC18\src\traditional\proc\p18F8722.asm
                    FSR2H   0x000fda       data     extern C:\MCC18\src\traditional\proc\p18F8722.asm
                    FSR2L   0x000fd9       data     extern C:\MCC18\src\traditional\proc\p18F8722.asm
                  HLVDCON   0x000fd2       data     extern C:\MCC18\src\traditional\proc\p18F8722.asm
              HLVDCONbits   0x000fd2       data     extern C:\MCC18\src\traditional\proc\p18F8722.asm
                    INDF0   0x000fef       data     extern C:\MCC18\src\traditional\proc\p18F8722.asm
                    INDF1   0x000fe7       data     extern C:\MCC18\src\traditional\proc\p18F8722.asm
                    INDF2   0x000fdf       data     extern C:\MCC18\src\traditional\proc\p18F8722.asm
                   INTCON   0x000ff2       data     extern C:\MCC18\src\traditional\proc\p18F8722.asm
                  INTCON2   0x000ff1       data     extern C:\MCC18\src\traditional\proc\p18F8722.asm
              INTCON2bits   0x000ff1       data     extern C:\MCC18\src\traditional\proc\p18F8722.asm
                  INTCON3   0x000ff0       data     extern C:\MCC18\src\traditional\proc\p18F8722.asm
              INTCON3bits   0x000ff0       data     extern C:\MCC18\src\traditional\proc\p18F8722.asm
               INTCONbits   0x000ff2       data     extern C:\MCC18\src\traditional\proc\p18F8722.asm
                     IPR1   0x000f9f       data     extern C:\MCC18\src\traditional\proc\p18F8722.asm
                 IPR1bits   0x000f9f       data     extern C:\MCC18\src\traditional\proc\p18F8722.asm
                     IPR2   0x000fa2       data     extern C:\MCC18\src\traditional\proc\p18F8722.asm
                 IPR2bits   0x000fa2       data     extern C:\MCC18\src\traditional\proc\p18F8722.asm
                     IPR3   0x000fa5       data     extern C:\MCC18\src\traditional\proc\p18F8722.asm
                 IPR3bits   0x000fa5       data     extern C:\MCC18\src\traditional\proc\p18F8722.asm
                     LATA   0x000f89       data     extern C:\MCC18\src\traditional\proc\p18F8722.asm
                 LATAbits   0x000f89       data     extern C:\MCC18\src\traditional\proc\p18F8722.asm
                     LATB   0x000f8a       data     extern C:\MCC18\src\traditional\proc\p18F8722.asm
                 LATBbits   0x000f8a       data     extern C:\MCC18\src\traditional\proc\p18F8722.asm
                     LATC   0x000f8b       data     extern C:\MCC18\src\traditional\proc\p18F8722.asm
                 LATCbits   0x000f8b       data     extern C:\MCC18\src\traditional\proc\p18F8722.asm
                     LATD   0x000f8c       data     extern C:\MCC18\src\traditional\proc\p18F8722.asm
                 LATDbits   0x000f8c       data     extern C:\MCC18\src\traditional\proc\p18F8722.asm
                     LATE   0x000f8d       data     extern C:\MCC18\src\traditional\proc\p18F8722.asm
                 LATEbits   0x000f8d       data     extern C:\MCC18\src\traditional\proc\p18F8722.asm
                     LATF   0x000f8e       data     extern C:\MCC18\src\traditional\proc\p18F8722.asm
                 LATFbits   0x000f8e       data     extern C:\MCC18\src\traditional\proc\p18F8722.asm
                     LATG   0x000f8f       data     extern C:\MCC18\src\traditional\proc\p18F8722.asm
                 LATGbits   0x000f8f       data     extern C:\MCC18\src\traditional\proc\p18F8722.asm
                     LATH   0x000f90       data     extern C:\MCC18\src\traditional\proc\p18F8722.asm
                 LATHbits   0x000f90       data     extern C:\MCC18\src\traditional\proc\p18F8722.asm
                     LATJ   0x000f91       data     extern C:\MCC18\src\traditional\proc\p18F8722.asm
                 LATJbits   0x000f91       data     extern C:\MCC18\src\traditional\proc\p18F8722.asm
                 LCD_Text   0x000f00       data     extern C:\Users\Jespiir\Desktop\2010-02-20\lcd.c
                   LVDCON   0x000fd2       data     extern C:\MCC18\src\traditional\proc\p18F8722.asm
               LVDCONbits   0x000fd2       data     extern C:\MCC18\src\traditional\proc\p18F8722.asm
                   MEMCON   0x000f9c       data     extern C:\MCC18\src\traditional\proc\p18F8722.asm
               MEMCONbits   0x000f9c       data     extern C:\MCC18\src\traditional\proc\p18F8722.asm
                   OSCCON   0x000fd3       data     extern C:\MCC18\src\traditional\proc\p18F8722.asm
               OSCCONbits   0x000fd3       data     extern C:\MCC18\src\traditional\proc\p18F8722.asm
                  OSCTUNE   0x000f9b       data     extern C:\MCC18\src\traditional\proc\p18F8722.asm
              OSCTUNEbits   0x000f9b       data     extern C:\MCC18\src\traditional\proc\p18F8722.asm
                       PC   0x000ff9       data     extern C:\MCC18\src\traditional\proc\p18F8722.asm
                      PCL   0x000ff9       data     extern C:\MCC18\src\traditional\proc\p18F8722.asm
                   PCLATH   0x000ffa       data     extern C:\MCC18\src\traditional\proc\p18F8722.asm
                   PCLATU   0x000ffb       data     extern C:\MCC18\src\traditional\proc\p18F8722.asm
                     PIE1   0x000f9d       data     extern C:\MCC18\src\traditional\proc\p18F8722.asm
                 PIE1bits   0x000f9d       data     extern C:\MCC18\src\traditional\proc\p18F8722.asm
                     PIE2   0x000fa0       data     extern C:\MCC18\src\traditional\proc\p18F8722.asm
                 PIE2bits   0x000fa0       data     extern C:\MCC18\src\traditional\proc\p18F8722.asm
                     PIE3   0x000fa3       data     extern C:\MCC18\src\traditional\proc\p18F8722.asm
                 PIE3bits   0x000fa3       data     extern C:\MCC18\src\traditional\proc\p18F8722.asm
                     PIR1   0x000f9e       data     extern C:\MCC18\src\traditional\proc\p18F8722.asm
                 PIR1bits   0x000f9e       data     extern C:\MCC18\src\traditional\proc\p18F8722.asm
                     PIR2   0x000fa1       data     extern C:\MCC18\src\traditional\proc\p18F8722.asm
                 PIR2bits   0x000fa1       data     extern C:\MCC18\src\traditional\proc\p18F8722.asm
                     PIR3   0x000fa4       data     extern C:\MCC18\src\traditional\proc\p18F8722.asm
                 PIR3bits   0x000fa4       data     extern C:\MCC18\src\traditional\proc\p18F8722.asm
                   PLUSW0   0x000feb       data     extern C:\MCC18\src\traditional\proc\p18F8722.asm
                   PLUSW1   0x000fe3       data     extern C:\MCC18\src\traditional\proc\p18F8722.asm
                   PLUSW2   0x000fdb       data     extern C:\MCC18\src\traditional\proc\p18F8722.asm
                    PORTA   0x000f80       data     extern C:\MCC18\src\traditional\proc\p18F8722.asm
                PORTAbits   0x000f80       data     extern C:\MCC18\src\traditional\proc\p18F8722.asm
                    PORTB   0x000f81       data     extern C:\MCC18\src\traditional\proc\p18F8722.asm
                PORTBbits   0x000f81       data     extern C:\MCC18\src\traditional\proc\p18F8722.asm
                    PORTC   0x000f82       data     extern C:\MCC18\src\traditional\proc\p18F8722.asm
                PORTCbits   0x000f82       data     extern C:\MCC18\src\traditional\proc\p18F8722.asm
                    PORTD   0x000f83       data     extern C:\MCC18\src\traditional\proc\p18F8722.asm
                PORTDbits   0x000f83       data     extern C:\MCC18\src\traditional\proc\p18F8722.asm
                    PORTE   0x000f84       data     extern C:\MCC18\src\traditional\proc\p18F8722.asm
                PORTEbits   0x000f84       data     extern C:\MCC18\src\traditional\proc\p18F8722.asm
                    PORTF   0x000f85       data     extern C:\MCC18\src\traditional\proc\p18F8722.asm
                PORTFbits   0x000f85       data     extern C:\MCC18\src\traditional\proc\p18F8722.asm
                    PORTG   0x000f86       data     extern C:\MCC18\src\traditional\proc\p18F8722.asm
                PORTGbits   0x000f86       data     extern C:\MCC18\src\traditional\proc\p18F8722.asm
                    PORTH   0x000f87       data     extern C:\MCC18\src\traditional\proc\p18F8722.asm
                PORTHbits   0x000f87       data     extern C:\MCC18\src\traditional\proc\p18F8722.asm
                    PORTJ   0x000f88       data     extern C:\MCC18\src\traditional\proc\p18F8722.asm
                PORTJbits   0x000f88       data     extern C:\MCC18\src\traditional\proc\p18F8722.asm
                 POSTDEC0   0x000fed       data     extern C:\MCC18\src\traditional\proc\p18F8722.asm
                 POSTDEC1   0x000fe5       data     extern C:\MCC18\src\traditional\proc\p18F8722.asm
                 POSTDEC2   0x000fdd       data     extern C:\MCC18\src\traditional\proc\p18F8722.asm
                 POSTINC0   0x000fee       data     extern C:\MCC18\src\traditional\proc\p18F8722.asm
                 POSTINC1   0x000fe6       data     extern C:\MCC18\src\traditional\proc\p18F8722.asm
                 POSTINC2   0x000fde       data     extern C:\MCC18\src\traditional\proc\p18F8722.asm
                      PR2   0x000fcb       data     extern C:\MCC18\src\traditional\proc\p18F8722.asm
                      PR4   0x000f77       data     extern C:\MCC18\src\traditional\proc\p18F8722.asm
                  PREINC0   0x000fec       data     extern C:\MCC18\src\traditional\proc\p18F8722.asm
                  PREINC1   0x000fe4       data     extern C:\MCC18\src\traditional\proc\p18F8722.asm
                  PREINC2   0x000fdc       data     extern C:\MCC18\src\traditional\proc\p18F8722.asm
                     PROD   0x000ff3       data     extern C:\MCC18\src\traditional\proc\p18F8722.asm
                    PRODH   0x000ff4       data     extern C:\MCC18\src\traditional\proc\p18F8722.asm
                    PRODL   0x000ff3       data     extern C:\MCC18\src\traditional\proc\p18F8722.asm
                   PSPCON   0x000fb0       data     extern C:\MCC18\src\traditional\proc\p18F8722.asm
               PSPCONbits   0x000fb0       data     extern C:\MCC18\src\traditional\proc\p18F8722.asm
                     RCON   0x000fd0       data     extern C:\MCC18\src\traditional\proc\p18F8722.asm
                 RCONbits   0x000fd0       data     extern C:\MCC18\src\traditional\proc\p18F8722.asm
                    RCREG   0x000fae       data     extern C:\MCC18\src\traditional\proc\p18F8722.asm
                   RCREG1   0x000fae       data     extern C:\MCC18\src\traditional\proc\p18F8722.asm
                   RCREG2   0x000f6e       data     extern C:\MCC18\src\traditional\proc\p18F8722.asm
                    RCSTA   0x000fab       data     extern C:\MCC18\src\traditional\proc\p18F8722.asm
                   RCSTA1   0x000fab       data     extern C:\MCC18\src\traditional\proc\p18F8722.asm
               RCSTA1bits   0x000fab       data     extern C:\MCC18\src\traditional\proc\p18F8722.asm
                   RCSTA2   0x000f6b       data     extern C:\MCC18\src\traditional\proc\p18F8722.asm
               RCSTA2bits   0x000f6b       data     extern C:\MCC18\src\traditional\proc\p18F8722.asm
                RCSTAbits   0x000fab       data     extern C:\MCC18\src\traditional\proc\p18F8722.asm
                     SIGN   0x000000       data     extern C:\MCC18\src\traditional\math\cmath18.asm
                    SPBRG   0x000faf       data     extern C:\MCC18\src\traditional\proc\p18F8722.asm
                   SPBRG1   0x000faf       data     extern C:\MCC18\src\traditional\proc\p18F8722.asm
                   SPBRG2   0x000f6f       data     extern C:\MCC18\src\traditional\proc\p18F8722.asm
                   SPBRGH   0x000f7f       data     extern C:\MCC18\src\traditional\proc\p18F8722.asm
                  SPBRGH1   0x000f7f       data     extern C:\MCC18\src\traditional\proc\p18F8722.asm
                  SPBRGH2   0x000f7d       data     extern C:\MCC18\src\traditional\proc\p18F8722.asm
                  SSP1ADD   0x000fc8       data     extern C:\MCC18\src\traditional\proc\p18F8722.asm
                  SSP1BUF   0x000fc9       data     extern C:\MCC18\src\traditional\proc\p18F8722.asm
                 SSP1CON1   0x000fc6       data     extern C:\MCC18\src\traditional\proc\p18F8722.asm
             SSP1CON1bits   0x000fc6       data     extern C:\MCC18\src\traditional\proc\p18F8722.asm
                 SSP1CON2   0x000fc5       data     extern C:\MCC18\src\traditional\proc\p18F8722.asm
             SSP1CON2bits   0x000fc5       data     extern C:\MCC18\src\traditional\proc\p18F8722.asm
                 SSP1STAT   0x000fc7       data     extern C:\MCC18\src\traditional\proc\p18F8722.asm
             SSP1STATbits   0x000fc7       data     extern C:\MCC18\src\traditional\proc\p18F8722.asm
                  SSP2ADD   0x000f65       data     extern C:\MCC18\src\traditional\proc\p18F8722.asm
                  SSP2BUF   0x000f66       data     extern C:\MCC18\src\traditional\proc\p18F8722.asm
                 SSP2CON1   0x000f63       data     extern C:\MCC18\src\traditional\proc\p18F8722.asm
             SSP2CON1bits   0x000f63       data     extern C:\MCC18\src\traditional\proc\p18F8722.asm
                 SSP2CON2   0x000f62       data     extern C:\MCC18\src\traditional\proc\p18F8722.asm
             SSP2CON2bits   0x000f62       data     extern C:\MCC18\src\traditional\proc\p18F8722.asm
                 SSP2STAT   0x000f64       data     extern C:\MCC18\src\traditional\proc\p18F8722.asm
             SSP2STATbits   0x000f64       data     extern C:\MCC18\src\traditional\proc\p18F8722.asm
                   SSPADD   0x000fc8       data     extern C:\MCC18\src\traditional\proc\p18F8722.asm
                   SSPBUF   0x000fc9       data     extern C:\MCC18\src\traditional\proc\p18F8722.asm
                  SSPCON1   0x000fc6       data     extern C:\MCC18\src\traditional\proc\p18F8722.asm
              SSPCON1bits   0x000fc6       data     extern C:\MCC18\src\traditional\proc\p18F8722.asm
                  SSPCON2   0x000fc5       data     extern C:\MCC18\src\traditional\proc\p18F8722.asm
              SSPCON2bits   0x000fc5       data     extern C:\MCC18\src\traditional\proc\p18F8722.asm
                  SSPSTAT   0x000fc7       data     extern C:\MCC18\src\traditional\proc\p18F8722.asm
              SSPSTATbits   0x000fc7       data     extern C:\MCC18\src\traditional\proc\p18F8722.asm
                   STATUS   0x000fd8       data     extern C:\MCC18\src\traditional\proc\p18F8722.asm
               STATUSbits   0x000fd8       data     extern C:\MCC18\src\traditional\proc\p18F8722.asm
                   STKPTR   0x000ffc       data     extern C:\MCC18\src\traditional\proc\p18F8722.asm
               STKPTRbits   0x000ffc       data     extern C:\MCC18\src\traditional\proc\p18F8722.asm
                    T0CON   0x000fd5       data     extern C:\MCC18\src\traditional\proc\p18F8722.asm
                T0CONbits   0x000fd5       data     extern C:\MCC18\src\traditional\proc\p18F8722.asm
                    T1CON   0x000fcd       data     extern C:\MCC18\src\traditional\proc\p18F8722.asm
                T1CONbits   0x000fcd       data     extern C:\MCC18\src\traditional\proc\p18F8722.asm
                    T2CON   0x000fca       data     extern C:\MCC18\src\traditional\proc\p18F8722.asm
                T2CONbits   0x000fca       data     extern C:\MCC18\src\traditional\proc\p18F8722.asm
                    T3CON   0x000fb1       data     extern C:\MCC18\src\traditional\proc\p18F8722.asm
                T3CONbits   0x000fb1       data     extern C:\MCC18\src\traditional\proc\p18F8722.asm
                    T4CON   0x000f76       data     extern C:\MCC18\src\traditional\proc\p18F8722.asm
                T4CONbits   0x000f76       data     extern C:\MCC18\src\traditional\proc\p18F8722.asm
                   TABLAT   0x000ff5       data     extern C:\MCC18\src\traditional\proc\p18F8722.asm
                   TBLPTR   0x000ff6       data     extern C:\MCC18\src\traditional\proc\p18F8722.asm
                  TBLPTRH   0x000ff7       data     extern C:\MCC18\src\traditional\proc\p18F8722.asm
                  TBLPTRL   0x000ff6       data     extern C:\MCC18\src\traditional\proc\p18F8722.asm
                  TBLPTRU   0x000ff8       data     extern C:\MCC18\src\traditional\proc\p18F8722.asm
                    TMR0H   0x000fd7       data     extern C:\MCC18\src\traditional\proc\p18F8722.asm
                    TMR0L   0x000fd6       data     extern C:\MCC18\src\traditional\proc\p18F8722.asm
                    TMR1H   0x000fcf       data     extern C:\MCC18\src\traditional\proc\p18F8722.asm
                    TMR1L   0x000fce       data     extern C:\MCC18\src\traditional\proc\p18F8722.asm
                     TMR2   0x000fcc       data     extern C:\MCC18\src\traditional\proc\p18F8722.asm
                    TMR3H   0x000fb3       data     extern C:\MCC18\src\traditional\proc\p18F8722.asm
                    TMR3L   0x000fb2       data     extern C:\MCC18\src\traditional\proc\p18F8722.asm
                     TMR4   0x000f78       data     extern C:\MCC18\src\traditional\proc\p18F8722.asm
                      TOS   0x000ffd       data     extern C:\MCC18\src\traditional\proc\p18F8722.asm
                     TOSH   0x000ffe       data     extern C:\MCC18\src\traditional\proc\p18F8722.asm
                     TOSL   0x000ffd       data     extern C:\MCC18\src\traditional\proc\p18F8722.asm
                     TOSU   0x000fff       data     extern C:\MCC18\src\traditional\proc\p18F8722.asm
                    TRISA   0x000f92       data     extern C:\MCC18\src\traditional\proc\p18F8722.asm
                TRISAbits   0x000f92       data     extern C:\MCC18\src\traditional\proc\p18F8722.asm
                    TRISB   0x000f93       data     extern C:\MCC18\src\traditional\proc\p18F8722.asm
                TRISBbits   0x000f93       data     extern C:\MCC18\src\traditional\proc\p18F8722.asm
                    TRISC   0x000f94       data     extern C:\MCC18\src\traditional\proc\p18F8722.asm
                TRISCbits   0x000f94       data     extern C:\MCC18\src\traditional\proc\p18F8722.asm
                    TRISD   0x000f95       data     extern C:\MCC18\src\traditional\proc\p18F8722.asm
                TRISDbits   0x000f95       data     extern C:\MCC18\src\traditional\proc\p18F8722.asm
                    TRISE   0x000f96       data     extern C:\MCC18\src\traditional\proc\p18F8722.asm
                TRISEbits   0x000f96       data     extern C:\MCC18\src\traditional\proc\p18F8722.asm
                    TRISF   0x000f97       data     extern C:\MCC18\src\traditional\proc\p18F8722.asm
                TRISFbits   0x000f97       data     extern C:\MCC18\src\traditional\proc\p18F8722.asm
                    TRISG   0x000f98       data     extern C:\MCC18\src\traditional\proc\p18F8722.asm
                TRISGbits   0x000f98       data     extern C:\MCC18\src\traditional\proc\p18F8722.asm
                    TRISH   0x000f99       data     extern C:\MCC18\src\traditional\proc\p18F8722.asm
                TRISHbits   0x000f99       data     extern C:\MCC18\src\traditional\proc\p18F8722.asm
                    TRISJ   0x000f9a       data     extern C:\MCC18\src\traditional\proc\p18F8722.asm
                TRISJbits   0x000f9a       data     extern C:\MCC18\src\traditional\proc\p18F8722.asm
                    TXREG   0x000fad       data     extern C:\MCC18\src\traditional\proc\p18F8722.asm
                   TXREG1   0x000fad       data     extern C:\MCC18\src\traditional\proc\p18F8722.asm
                   TXREG2   0x000f6d       data     extern C:\MCC18\src\traditional\proc\p18F8722.asm
                    TXSTA   0x000fac       data     extern C:\MCC18\src\traditional\proc\p18F8722.asm
                   TXSTA1   0x000fac       data     extern C:\MCC18\src\traditional\proc\p18F8722.asm
               TXSTA1bits   0x000fac       data     extern C:\MCC18\src\traditional\proc\p18F8722.asm
                   TXSTA2   0x000f6c       data     extern C:\MCC18\src\traditional\proc\p18F8722.asm
               TXSTA2bits   0x000f6c       data     extern C:\MCC18\src\traditional\proc\p18F8722.asm
                TXSTAbits   0x000fac       data     extern C:\MCC18\src\traditional\proc\p18F8722.asm
                   WDTCON   0x000fd1       data     extern C:\MCC18\src\traditional\proc\p18F8722.asm
               WDTCONbits   0x000fd1       data     extern C:\MCC18\src\traditional\proc\p18F8722.asm
                     WREG   0x000fe8       data     extern C:\MCC18\src\traditional\proc\p18F8722.asm
                 __AARGB0   0x000009       data     extern C:\MCC18\src\traditional\math\aarg.asm
                 __AARGB1   0x000008       data     extern C:\MCC18\src\traditional\math\aarg.asm
                 __AARGB2   0x000007       data     extern C:\MCC18\src\traditional\math\aarg.asm
                 __AARGB3   0x000006       data     extern C:\MCC18\src\traditional\math\aarg.asm
                 __AARGB4   0x000005       data     extern C:\MCC18\src\traditional\math\aarg.asm
                 __AARGB5   0x000004       data     extern C:\MCC18\src\traditional\math\aarg.asm
                 __AARGB6   0x000003       data     extern C:\MCC18\src\traditional\math\aarg.asm
                 __AARGB7   0x000002       data     extern C:\MCC18\src\traditional\math\aarg.asm
                   __AEXP   0x00000a       data     extern C:\MCC18\src\traditional\math\aarg.asm
                 __BARGB0   0x00000e       data     extern C:\MCC18\src\traditional\math\barg.asm
                 __BARGB1   0x00000d       data     extern C:\MCC18\src\traditional\math\barg.asm
                 __BARGB2   0x00000c       data     extern C:\MCC18\src\traditional\math\barg.asm
                 __BARGB3   0x00000b       data     extern C:\MCC18\src\traditional\math\barg.asm
                   __BEXP   0x00000f       data     extern C:\MCC18\src\traditional\math\barg.asm
                __FPFLAGS   0x000001       data     extern C:\MCC18\src\traditional\math\cmath18.asm
            __FPFLAGSbits   0x000001       data     extern C:\MCC18\src\traditional\math\cmath18.asm
                  __REMB0   0x000005       data     extern C:\MCC18\src\traditional\math\aarg.asm
                  __REMB1   0x000004       data     extern C:\MCC18\src\traditional\math\aarg.asm
                  __REMB2   0x000003       data     extern C:\MCC18\src\traditional\math\aarg.asm
                  __REMB3   0x000002       data     extern C:\MCC18\src\traditional\math\aarg.asm
                   __TEMP   0x000013       data     extern C:\MCC18\src\traditional\math\temparg.asm
                 __TEMPB0   0x000013       data     extern C:\MCC18\src\traditional\math\temparg.asm
                 __TEMPB1   0x000012       data     extern C:\MCC18\src\traditional\math\temparg.asm
                 __TEMPB2   0x000011       data     extern C:\MCC18\src\traditional\math\temparg.asm
                 __TEMPB3   0x000010       data     extern C:\MCC18\src\traditional\math\temparg.asm
                  __tmp_0   0x000014       data     static C:\MCC18\src\traditional\stdclib\putc.c
                  __tmp_0   0x000014       data     static C:\MCC18\src\traditional\stdclib\vfprintf.c
                  __tmp_0   0x000014       data     static C:\MCC18\src\traditional\stdclib\sprintf.c
                  __tmp_0   0x000014       data     static C:\MCC18\src\pmc_common\ADC\adcsetch.c
                  __tmp_0   0x000014       data     static C:\MCC18\src\pmc_common\ADC\adcread.c
                  __tmp_0   0x000014       data     static C:\MCC18\src\pmc_common\ADC\adcopen.c
                  __tmp_0   0x000014       data     static C:\Users\Jespiir\Desktop\2010-02-20\delay.c
                  __tmp_0   0x000014       data     static C:\Users\Jespiir\Desktop\2010-02-20\ad.c
                  __tmp_0   0x000014       data     static C:\Users\Jespiir\Desktop\2010-02-20\servo.c
                  __tmp_0   0x000014       data     static C:\Users\Jespiir\Desktop\2010-02-20\main.c
                  __tmp_2   0x00001b       data     static C:\Users\Jespiir\Desktop\2010-02-20\isr.c
                    count   0x000f25       data     static C:\Users\Jespiir\Desktop\2010-02-20\isr.c
                curr_byte   0x000f13       data     static C:\MCC18\src\traditional\startup\c018i.c
               curr_entry   0x000f15       data     static C:\MCC18\src\traditional\startup\c018i.c
                 data_ptr   0x000f17       data     static C:\MCC18\src\traditional\startup\c018i.c
                     prom   0x000f10       data     static C:\MCC18\src\traditional\startup\c018i.c
                      seq   0x000f24       data     static C:\Users\Jespiir\Desktop\2010-02-20\isr.c
                servo_dir   0x000f1b       data     extern C:\Users\Jespiir\Desktop\2010-02-20\servo.c
                servo_pos   0x000f1c       data     extern C:\Users\Jespiir\Desktop\2010-02-20\servo.c
                servo_set   0x000f1a       data     extern C:\Users\Jespiir\Desktop\2010-02-20\servo.c



                              Symbols - Sorted by Address
                     Name    Address   Location    Storage File                     
                ---------  ---------  ---------  --------- ---------                
                   _entry   0x000000    program     extern C:\MCC18\src\traditional\startup\c018i.c
       ___return_lbl00000   0x000004    program     static                          
               _user_putc   0x000006    program     extern C:\MCC18\src\traditional\stdclib\_user_putc.c
 interrupt_at_high_vector   0x000008    program     extern C:\Users\Jespiir\Desktop\2010-02-20\isr.c
       ___return_lbl00002   0x00000c    program     static                          
                  BusyADC   0x00000e    program     extern C:\MCC18\src\pmc_common\ADC\adcbusy.c
  interrupt_at_low_vector   0x000018    program     extern C:\Users\Jespiir\Desktop\2010-02-20\isr.c
       ___return_lbl00000   0x00001c    program     static                          
            s_put_n_chars   0x000038    program     static C:\MCC18\src\traditional\stdclib\vfprintf.c
                 vfprintf   0x000064    program     extern C:\MCC18\src\traditional\stdclib\vfprintf.c
              __tmplbl_85   0x00008e    program     static                          
              __tmplbl_44   0x00093c    program     static                          
              __tmplbl_43   0x000956    program     static                          
                   __pa_0   0x000978    program     static C:\MCC18\src\traditional\stdclib\vfprintf.c
                   __pa_1   0x000980    program     static C:\MCC18\src\traditional\stdclib\vfprintf.c
                   __pa_2   0x00098a    program     static C:\MCC18\src\traditional\stdclib\vfprintf.c
                   __pa_3   0x000994    program     static C:\MCC18\src\traditional\stdclib\vfprintf.c
                   __pa_4   0x0009ac    program     static C:\MCC18\src\traditional\stdclib\vfprintf.c
                   __pa_5   0x0009c0    program     static C:\MCC18\src\traditional\stdclib\vfprintf.c
                   __pa_6   0x0009dc    program     static C:\MCC18\src\traditional\stdclib\vfprintf.c
                   __pa_7   0x0009e6    program     static C:\MCC18\src\traditional\stdclib\vfprintf.c
                   __pa_8   0x0009f2    program     static C:\MCC18\src\traditional\stdclib\vfprintf.c
                   __pa_9   0x000a14    program     static C:\MCC18\src\traditional\stdclib\vfprintf.c
                  __pa_10   0x000a34    program     static C:\MCC18\src\traditional\stdclib\vfprintf.c
                  __pa_11   0x000a42    program     static C:\MCC18\src\traditional\stdclib\vfprintf.c
                  __pa_12   0x000a58    program     static C:\MCC18\src\traditional\stdclib\vfprintf.c
                  __pa_13   0x000a72    program     static C:\MCC18\src\traditional\stdclib\vfprintf.c
                  __pa_14   0x000a8a    program     static C:\MCC18\src\traditional\stdclib\vfprintf.c
                  __pa_15   0x000a9a    program     static C:\MCC18\src\traditional\stdclib\vfprintf.c
                  __pa_16   0x000ab0    program     static C:\MCC18\src\traditional\stdclib\vfprintf.c
                  __pa_17   0x000ac2    program     static C:\MCC18\src\traditional\stdclib\vfprintf.c
                  __pa_18   0x000ad4    program     static C:\MCC18\src\traditional\stdclib\vfprintf.c
                  __pa_19   0x000ade    program     static C:\MCC18\src\traditional\stdclib\vfprintf.c
                  __pa_20   0x000aee    program     static C:\MCC18\src\traditional\stdclib\vfprintf.c
                  __pa_21   0x000afe    program     static C:\MCC18\src\traditional\stdclib\vfprintf.c
                  __pa_22   0x000b0e    program     static C:\MCC18\src\traditional\stdclib\vfprintf.c
              __tmplbl_42   0x000b0e    program     static                          
                  __pa_23   0x000b1a    program     static C:\MCC18\src\traditional\stdclib\vfprintf.c
                  __pa_24   0x000b28    program     static C:\MCC18\src\traditional\stdclib\vfprintf.c
                  __pa_25   0x000b30    program     static C:\MCC18\src\traditional\stdclib\vfprintf.c
                  __pa_26   0x000b3a    program     static C:\MCC18\src\traditional\stdclib\vfprintf.c
                  __pa_27   0x000b44    program     static C:\MCC18\src\traditional\stdclib\vfprintf.c
                  __pa_28   0x000b4c    program     static C:\MCC18\src\traditional\stdclib\vfprintf.c
                  __pa_29   0x000b5a    program     static C:\MCC18\src\traditional\stdclib\vfprintf.c
                  __pa_30   0x000b76    program     static C:\MCC18\src\traditional\stdclib\vfprintf.c
                  __pa_31   0x000b90    program     static C:\MCC18\src\traditional\stdclib\vfprintf.c
                  __pa_32   0x000baa    program     static C:\MCC18\src\traditional\stdclib\vfprintf.c
                  __pa_33   0x000bc2    program     static C:\MCC18\src\traditional\stdclib\vfprintf.c
                  __pa_34   0x000bcc    program     static C:\MCC18\src\traditional\stdclib\vfprintf.c
                  __pa_35   0x000bda    program     static C:\MCC18\src\traditional\stdclib\vfprintf.c
                  __pa_36   0x000be2    program     static C:\MCC18\src\traditional\stdclib\vfprintf.c
                  __pa_37   0x000bec    program     static C:\MCC18\src\traditional\stdclib\vfprintf.c
                  __pa_38   0x000bfc    program     static C:\MCC18\src\traditional\stdclib\vfprintf.c
                  __pa_39   0x000c0a    program     static C:\MCC18\src\traditional\stdclib\vfprintf.c
                  __pa_40   0x000c16    program     static C:\MCC18\src\traditional\stdclib\vfprintf.c
                  __pa_41   0x000c22    program     static C:\MCC18\src\traditional\stdclib\vfprintf.c
                  __pa_42   0x000c2a    program     static C:\MCC18\src\traditional\stdclib\vfprintf.c
                  __pa_43   0x000c34    program     static C:\MCC18\src\traditional\stdclib\vfprintf.c
                  __pa_44   0x000c3a    program     static C:\MCC18\src\traditional\stdclib\vfprintf.c
                  __pa_45   0x000c44    program     static C:\MCC18\src\traditional\stdclib\vfprintf.c
                  __pa_46   0x000c50    program     static C:\MCC18\src\traditional\stdclib\vfprintf.c
                 lcd_init   0x000c5a    program     extern C:\Users\Jespiir\Desktop\2010-02-20\lcd.c
                  lcd_cmd   0x000cf4    program     extern C:\Users\Jespiir\Desktop\2010-02-20\lcd.c
                  lcd_txt   0x000d24    program     extern C:\Users\Jespiir\Desktop\2010-02-20\lcd.c
                  lcd_cls   0x000d9e    program     extern C:\Users\Jespiir\Desktop\2010-02-20\lcd.c
             lcd_contrast   0x000db2    program     extern C:\Users\Jespiir\Desktop\2010-02-20\lcd.c
           lcd_brightness   0x000dd8    program     extern C:\Users\Jespiir\Desktop\2010-02-20\lcd.c
           servo_inverted   0x000e06    program     extern C:\Users\Jespiir\Desktop\2010-02-20\servo.c
           servo_position   0x000e60    program     extern C:\Users\Jespiir\Desktop\2010-02-20\servo.c
             servo_enable   0x000f20    program     extern C:\Users\Jespiir\Desktop\2010-02-20\servo.c
                  low_isr   0x000f82    program     extern C:\Users\Jespiir\Desktop\2010-02-20\isr.c
                 high_isr   0x000fa4    program     extern C:\Users\Jespiir\Desktop\2010-02-20\isr.c
                     main   0x0010d4    program     extern C:\Users\Jespiir\Desktop\2010-02-20\main.c
                  sprintf   0x001224    program     extern C:\MCC18\src\traditional\stdclib\sprintf.c
                _do_cinit   0x0012d0    program     extern C:\MCC18\src\traditional\startup\c018i.c
                     test   0x0012ea    program     static                          
                copy_loop   0x001342    program     static                          
            copy_one_byte   0x001348    program     static                          
             done_copying   0x001356    program     static                          
                     done   0x00136c    program     static                          
       ___return_lbl00002   0x00136c    program     static                          
                     init   0x00136e    program     extern C:\Users\Jespiir\Desktop\2010-02-20\init.c
                     putc   0x0013f6    program     extern C:\MCC18\src\traditional\stdclib\putc.c
                 adc_init   0x00147a    program     extern C:\Users\Jespiir\Desktop\2010-02-20\ad.c
                 adc_read   0x00149a    program     extern C:\Users\Jespiir\Desktop\2010-02-20\ad.c
                  FXM3232   0x0014ee    program     extern C:\MCC18\src\traditional\math\fxm3232.c
       ___return_lbl00000   0x00155c    program     static                          
                  OpenADC   0x00155e    program     extern C:\MCC18\src\pmc_common\ADC\adcopen.c
                   strlen   0x0015cc    program     extern C:\MCC18\src\traditional\stdclib\strlen.asm
                    jLoop   0x0015dc    program     static C:\MCC18\src\traditional\stdclib\strlen.asm
                     jEnd   0x0015e6    program     static C:\MCC18\src\traditional\stdclib\strlen.asm
                strlenpgm   0x0015e8    program     extern C:\MCC18\src\traditional\stdclib\slenpgm.asm
                    jLoop   0x001606    program     static C:\MCC18\src\traditional\stdclib\slenpgm.asm
                   _2jEnd   0x00161c    program     static C:\MCC18\src\traditional\stdclib\slenpgm.asm
                     jEnd   0x00161e    program     static C:\MCC18\src\traditional\stdclib\slenpgm.asm
                 FXM1616S   0x001632    program     extern C:\MCC18\src\traditional\math\fxm1616s.asm
               TSIGN1616A   0x00167e    program     static C:\MCC18\src\traditional\math\fxm1616s.asm
                 delay_ms   0x00168c    program     extern C:\Users\Jespiir\Desktop\2010-02-20\delay.c
                 FXD3232U   0x0016d6    program     extern C:\MCC18\src\traditional\math\fxd3232u.c
                     loop   0x0016e4    program     static                          
                   _false   0x001718    program     static                          
       ___return_lbl00000   0x00171c    program     static                          
               __string_2   0x00171e    program     static C:\Users\Jespiir\Desktop\2010-02-20\main.c
               __string_1   0x00172f    program     static C:\Users\Jespiir\Desktop\2010-02-20\main.c
               __string_0   0x001740    program     static C:\Users\Jespiir\Desktop\2010-02-20\main.c
               SetChanADC   0x001752    program     extern C:\MCC18\src\pmc_common\ADC\adcsetch.c
                  isdigit   0x001780    program     extern C:\MCC18\src\traditional\stdclib\isdigit.asm
                   jMatch   0x0017a0    program     static C:\MCC18\src\traditional\stdclib\isdigit.asm
                 jNoMatch   0x0017a2    program     static C:\MCC18\src\traditional\stdclib\isdigit.asm
              Delay1KTCYx   0x0017a4    program     extern C:\MCC18\src\traditional\delays\d1ktcyx.asm
                     D1Kx   0x0017ae    program     static C:\MCC18\src\traditional\delays\d1ktcyx.asm
                    D1K_1   0x0017b0    program     static C:\MCC18\src\traditional\delays\d1ktcyx.asm
        _D1KTCYXCODE_0010   0x0017b4    program     static C:\MCC18\src\traditional\delays\d1ktcyx.asm
        _D1KTCYXCODE_0016   0x0017ba    program     static C:\MCC18\src\traditional\delays\d1ktcyx.asm
            __zero_memory   0x0017c4    program     extern C:\MCC18\src\traditional\proc\p18F8722.asm
                   loop_h   0x0017d2    program     static C:\MCC18\src\traditional\proc\p18F8722.asm
               zero_block   0x0017d2    program     static C:\MCC18\src\traditional\proc\p18F8722.asm
                compare_l   0x0017da    program     static C:\MCC18\src\traditional\proc\p18F8722.asm
                   loop_l   0x0017dc    program     static C:\MCC18\src\traditional\proc\p18F8722.asm
                 _startup   0x0017e4    program     extern C:\MCC18\src\traditional\startup\c018i.c
                     loop   0x0017f4    program     static                          
       ___return_lbl00001   0x0017fe    program     static                          
              _usart_putc   0x001800    program     extern C:\MCC18\src\pmc_common\USART\_usartpc.asm
                     loop   0x001810    program     static C:\MCC18\src\pmc_common\USART\_usartpc.asm
              Delay10TCYx   0x00181c    program     extern C:\MCC18\src\traditional\delays\d10tcyx.asm
                     D10x   0x001824    program     static C:\MCC18\src\traditional\delays\d10tcyx.asm
        _D10TCYXCODE_000A   0x001826    program     static C:\MCC18\src\traditional\delays\d10tcyx.asm
        _D10TCYXCODE_000C   0x001828    program     static C:\MCC18\src\traditional\delays\d10tcyx.asm
        _D10TCYXCODE_000E   0x00182a    program     static C:\MCC18\src\traditional\delays\d10tcyx.asm
                    D10_1   0x00182c    program     static C:\MCC18\src\traditional\delays\d10tcyx.asm
                  ReadADC   0x001832    program     extern C:\MCC18\src\pmc_common\ADC\adcread.c
                 s_digits   0x001844    program     static C:\MCC18\src\traditional\stdclib\vfprintf.c
               ConvertADC   0x001856    program     extern C:\MCC18\src\pmc_common\ADC\adcconv.c
                   __init   0x00185a    program     extern C:\MCC18\src\traditional\stdclib\__init.c
               __config_0   0x300001    program     static C:\Users\Jespiir\Desktop\2010-02-20\main.c
               __config_1   0x300002    program     static C:\Users\Jespiir\Desktop\2010-02-20\main.c
               __config_2   0x300003    program     static C:\Users\Jespiir\Desktop\2010-02-20\main.c
               __config_3   0x300004    program     static C:\Users\Jespiir\Desktop\2010-02-20\main.c
               __config_4   0x300005    program     static C:\Users\Jespiir\Desktop\2010-02-20\main.c
               __config_5   0x300006    program     static C:\Users\Jespiir\Desktop\2010-02-20\main.c
                     SIGN   0x000000       data     extern C:\MCC18\src\traditional\math\cmath18.asm
                __FPFLAGS   0x000001       data     extern C:\MCC18\src\traditional\math\cmath18.asm
            __FPFLAGSbits   0x000001       data     extern C:\MCC18\src\traditional\math\cmath18.asm
                  __REMB3   0x000002       data     extern C:\MCC18\src\traditional\math\aarg.asm
                 __AARGB7   0x000002       data     extern C:\MCC18\src\traditional\math\aarg.asm
                  __REMB2   0x000003       data     extern C:\MCC18\src\traditional\math\aarg.asm
                 __AARGB6   0x000003       data     extern C:\MCC18\src\traditional\math\aarg.asm
                  __REMB1   0x000004       data     extern C:\MCC18\src\traditional\math\aarg.asm
                 __AARGB5   0x000004       data     extern C:\MCC18\src\traditional\math\aarg.asm
                 __AARGB4   0x000005       data     extern C:\MCC18\src\traditional\math\aarg.asm
                  __REMB0   0x000005       data     extern C:\MCC18\src\traditional\math\aarg.asm
                 __AARGB3   0x000006       data     extern C:\MCC18\src\traditional\math\aarg.asm
                 __AARGB2   0x000007       data     extern C:\MCC18\src\traditional\math\aarg.asm
                 __AARGB1   0x000008       data     extern C:\MCC18\src\traditional\math\aarg.asm
                 __AARGB0   0x000009       data     extern C:\MCC18\src\traditional\math\aarg.asm
                   __AEXP   0x00000a       data     extern C:\MCC18\src\traditional\math\aarg.asm
                 __BARGB3   0x00000b       data     extern C:\MCC18\src\traditional\math\barg.asm
                 __BARGB2   0x00000c       data     extern C:\MCC18\src\traditional\math\barg.asm
                 __BARGB1   0x00000d       data     extern C:\MCC18\src\traditional\math\barg.asm
                 __BARGB0   0x00000e       data     extern C:\MCC18\src\traditional\math\barg.asm
                   __BEXP   0x00000f       data     extern C:\MCC18\src\traditional\math\barg.asm
                 __TEMPB3   0x000010       data     extern C:\MCC18\src\traditional\math\temparg.asm
                 __TEMPB2   0x000011       data     extern C:\MCC18\src\traditional\math\temparg.asm
                 __TEMPB1   0x000012       data     extern C:\MCC18\src\traditional\math\temparg.asm
                   __TEMP   0x000013       data     extern C:\MCC18\src\traditional\math\temparg.asm
                 __TEMPB0   0x000013       data     extern C:\MCC18\src\traditional\math\temparg.asm
                  __tmp_0   0x000014       data     static C:\MCC18\src\traditional\stdclib\putc.c
                  __tmp_0   0x000014       data     static C:\MCC18\src\traditional\stdclib\vfprintf.c
                  __tmp_0   0x000014       data     static C:\MCC18\src\traditional\stdclib\sprintf.c
                  __tmp_0   0x000014       data     static C:\MCC18\src\pmc_common\ADC\adcsetch.c
                  __tmp_0   0x000014       data     static C:\MCC18\src\pmc_common\ADC\adcread.c
                  __tmp_0   0x000014       data     static C:\MCC18\src\pmc_common\ADC\adcopen.c
                  __tmp_0   0x000014       data     static C:\Users\Jespiir\Desktop\2010-02-20\delay.c
                  __tmp_0   0x000014       data     static C:\Users\Jespiir\Desktop\2010-02-20\ad.c
                  __tmp_0   0x000014       data     static C:\Users\Jespiir\Desktop\2010-02-20\servo.c
                  __tmp_0   0x000014       data     static C:\Users\Jespiir\Desktop\2010-02-20\main.c
                  __tmp_2   0x00001b       data     static C:\Users\Jespiir\Desktop\2010-02-20\isr.c
            DelayCounter1   0x00001c       data     extern C:\MCC18\src\traditional\delays\delayd1.asm
                 LCD_Text   0x000f00       data     extern C:\Users\Jespiir\Desktop\2010-02-20\lcd.c
                     prom   0x000f10       data     static C:\MCC18\src\traditional\startup\c018i.c
                curr_byte   0x000f13       data     static C:\MCC18\src\traditional\startup\c018i.c
               curr_entry   0x000f15       data     static C:\MCC18\src\traditional\startup\c018i.c
                 data_ptr   0x000f17       data     static C:\MCC18\src\traditional\startup\c018i.c
                servo_set   0x000f1a       data     extern C:\Users\Jespiir\Desktop\2010-02-20\servo.c
                servo_dir   0x000f1b       data     extern C:\Users\Jespiir\Desktop\2010-02-20\servo.c
                servo_pos   0x000f1c       data     extern C:\Users\Jespiir\Desktop\2010-02-20\servo.c
                      seq   0x000f24       data     static C:\Users\Jespiir\Desktop\2010-02-20\isr.c
                    count   0x000f25       data     static C:\Users\Jespiir\Desktop\2010-02-20\isr.c
                 SSP2CON2   0x000f62       data     extern C:\MCC18\src\traditional\proc\p18F8722.asm
             SSP2CON2bits   0x000f62       data     extern C:\MCC18\src\traditional\proc\p18F8722.asm
                 SSP2CON1   0x000f63       data     extern C:\MCC18\src\traditional\proc\p18F8722.asm
             SSP2CON1bits   0x000f63       data     extern C:\MCC18\src\traditional\proc\p18F8722.asm
                 SSP2STAT   0x000f64       data     extern C:\MCC18\src\traditional\proc\p18F8722.asm
             SSP2STATbits   0x000f64       data     extern C:\MCC18\src\traditional\proc\p18F8722.asm
                  SSP2ADD   0x000f65       data     extern C:\MCC18\src\traditional\proc\p18F8722.asm
                  SSP2BUF   0x000f66       data     extern C:\MCC18\src\traditional\proc\p18F8722.asm
                 ECCP2DEL   0x000f67       data     extern C:\MCC18\src\traditional\proc\p18F8722.asm
             ECCP2DELbits   0x000f67       data     extern C:\MCC18\src\traditional\proc\p18F8722.asm
                  ECCP2AS   0x000f68       data     extern C:\MCC18\src\traditional\proc\p18F8722.asm
              ECCP2ASbits   0x000f68       data     extern C:\MCC18\src\traditional\proc\p18F8722.asm
             ECCP3DELbits   0x000f69       data     extern C:\MCC18\src\traditional\proc\p18F8722.asm
                 ECCP3DEL   0x000f69       data     extern C:\MCC18\src\traditional\proc\p18F8722.asm
              ECCP3ASbits   0x000f6a       data     extern C:\MCC18\src\traditional\proc\p18F8722.asm
[...]
                 DDREbits   0x000f96       data     extern C:\MCC18\src\traditional\proc\p18F8722.asm
                     DDRE   0x000f96       data     extern C:\MCC18\src\traditional\proc\p18F8722.asm
                    TRISE   0x000f96       data     extern C:\MCC18\src\traditional\proc\p18F8722.asm
                TRISEbits   0x000f96       data     extern C:\MCC18\src\traditional\proc\p18F8722.asm
                    TRISF   0x000f97       data     extern C:\MCC18\src\traditional\proc\p18F8722.asm
                 DDRFbits   0x000f97       data     extern C:\MCC18\src\traditional\proc\p18F8722.asm
                     DDRF   0x000f97       data     extern C:\MCC18\src\traditional\proc\p18F8722.asm
                TRISFbits   0x000f97       data     extern C:\MCC18\src\traditional\proc\p18F8722.asm
                 DDRGbits   0x000f98       data     extern C:\MCC18\src\traditional\proc\p18F8722.asm
                     DDRG   0x000f98       data     extern C:\MCC18\src\traditional\proc\p18F8722.asm
                TRISGbits   0x000f98       data     extern C:\MCC18\src\traditional\proc\p18F8722.asm
                    TRISG   0x000f98       data     extern C:\MCC18\src\traditional\proc\p18F8722.asm
                 DDRHbits   0x000f99       data     extern C:\MCC18\src\traditional\proc\p18F8722.asm
                     DDRH   0x000f99       data     extern C:\MCC18\src\traditional\proc\p18F8722.asm
                    TRISH   0x000f99       data     extern C:\MCC18\src\traditional\proc\p18F8722.asm
                TRISHbits   0x000f99       data     extern C:\MCC18\src\traditional\proc\p18F8722.asm
                 DDRJbits   0x000f9a       data     extern C:\MCC18\src\traditional\proc\p18F8722.asm
                TRISJbits   0x000f9a       data     extern C:\MCC18\src\traditional\proc\p18F8722.asm
                    TRISJ   0x000f9a       data     extern C:\MCC18\src\traditional\proc\p18F8722.asm
                     DDRJ   0x000f9a       data     extern C:\MCC18\src\traditional\proc\p18F8722.asm
              OSCTUNEbits   0x000f9b       data     extern C:\MCC18\src\traditional\proc\p18F8722.asm
                  OSCTUNE   0x000f9b       data     extern C:\MCC18\src\traditional\proc\p18F8722.asm
               MEMCONbits   0x000f9c       data     extern C:\MCC18\src\traditional\proc\p18F8722.asm
                   MEMCON   0x000f9c       data     extern C:\MCC18\src\traditional\proc\p18F8722.asm
                     PIE1   0x000f9d       data     extern C:\MCC18\src\traditional\proc\p18F8722.asm
                 PIE1bits   0x000f9d       data     extern C:\MCC18\src\traditional\proc\p18F8722.asm
                 PIR1bits   0x000f9e       data     extern C:\MCC18\src\traditional\proc\p18F8722.asm
                     PIR1   0x000f9e       data     extern C:\MCC18\src\traditional\proc\p18F8722.asm
                     IPR1   0x000f9f       data     extern C:\MCC18\src\traditional\proc\p18F8722.asm
                 IPR1bits   0x000f9f       data     extern C:\MCC18\src\traditional\proc\p18F8722.asm
                     PIE2   0x000fa0       data     extern C:\MCC18\src\traditional\proc\p18F8722.asm
                 PIE2bits   0x000fa0       data     extern C:\MCC18\src\traditional\proc\p18F8722.asm
                     PIR2   0x000fa1       data     extern C:\MCC18\src\traditional\proc\p18F8722.asm
                 PIR2bits   0x000fa1       data     extern C:\MCC18\src\traditional\proc\p18F8722.asm
                 IPR2bits   0x000fa2       data     extern C:\MCC18\src\traditional\proc\p18F8722.asm
                     IPR2   0x000fa2       data     extern C:\MCC18\src\traditional\proc\p18F8722.asm
                 PIE3bits   0x000fa3       data     extern C:\MCC18\src\traditional\proc\p18F8722.asm
                     PIE3   0x000fa3       data     extern C:\MCC18\src\traditional\proc\p18F8722.asm
                     PIR3   0x000fa4       data     extern C:\MCC18\src\traditional\proc\p18F8722.asm
                 PIR3bits   0x000fa4       data     extern C:\MCC18\src\traditional\proc\p18F8722.asm
                     IPR3   0x000fa5       data     extern C:\MCC18\src\traditional\proc\p18F8722.asm
                 IPR3bits   0x000fa5       data     extern C:\MCC18\src\traditional\proc\p18F8722.asm
               EECON1bits   0x000fa6       data     extern C:\MCC18\src\traditional\proc\p18F8722.asm
                   EECON1   0x000fa6       data     extern C:\MCC18\src\traditional\proc\p18F8722.asm
                   EECON2   0x000fa7       data     extern C:\MCC18\src\traditional\proc\p18F8722.asm
                   EEDATA   0x000fa8       data     extern C:\MCC18\src\traditional\proc\p18F8722.asm
                    EEADR   0x000fa9       data     extern C:\MCC18\src\traditional\proc\p18F8722.asm
                   EEADRH   0x000faa       data     extern C:\MCC18\src\traditional\proc\p18F8722.asm
                RCSTAbits   0x000fab       data     extern C:\MCC18\src\traditional\proc\p18F8722.asm
               RCSTA1bits   0x000fab       data     extern C:\MCC18\src\traditional\proc\p18F8722.asm
                   RCSTA1   0x000fab       data     extern C:\MCC18\src\traditional\proc\p18F8722.asm
                    RCSTA   0x000fab       data     extern C:\MCC18\src\traditional\proc\p18F8722.asm
                TXSTAbits   0x000fac       data     extern C:\MCC18\src\traditional\proc\p18F8722.asm
               TXSTA1bits   0x000fac       data     extern C:\MCC18\src\traditional\proc\p18F8722.asm
                   TXSTA1   0x000fac       data     extern C:\MCC18\src\traditional\proc\p18F8722.asm
                    TXSTA   0x000fac       data     extern C:\MCC18\src\traditional\proc\p18F8722.asm
                    TXREG   0x000fad       data     extern C:\MCC18\src\traditional\proc\p18F8722.asm
                   TXREG1   0x000fad       data     extern C:\MCC18\src\traditional\proc\p18F8722.asm
                   RCREG1   0x000fae       data     extern C:\MCC18\src\traditional\proc\p18F8722.asm
                    RCREG   0x000fae       data     extern C:\MCC18\src\traditional\proc\p18F8722.asm
                    SPBRG   0x000faf       data     extern C:\MCC18\src\traditional\proc\p18F8722.asm
                   SPBRG1   0x000faf       data     extern C:\MCC18\src\traditional\proc\p18F8722.asm
               PSPCONbits   0x000fb0       data     extern C:\MCC18\src\traditional\proc\p18F8722.asm
                   PSPCON   0x000fb0       data     extern C:\MCC18\src\traditional\proc\p18F8722.asm
                    T3CON   0x000fb1       data     extern C:\MCC18\src\traditional\proc\p18F8722.asm
                T3CONbits   0x000fb1       data     extern C:\MCC18\src\traditional\proc\p18F8722.asm
                    TMR3L   0x000fb2       data     extern C:\MCC18\src\traditional\proc\p18F8722.asm
                    TMR3H   0x000fb3       data     extern C:\MCC18\src\traditional\proc\p18F8722.asm
                CMCONbits   0x000fb4       data     extern C:\MCC18\src\traditional\proc\p18F8722.asm
                    CMCON   0x000fb4       data     extern C:\MCC18\src\traditional\proc\p18F8722.asm
               CVRCONbits   0x000fb5       data     extern C:\MCC18\src\traditional\proc\p18F8722.asm
                   CVRCON   0x000fb5       data     extern C:\MCC18\src\traditional\proc\p18F8722.asm
              ECCP1ASbits   0x000fb6       data     extern C:\MCC18\src\traditional\proc\p18F8722.asm
                  ECCP1AS   0x000fb6       data     extern C:\MCC18\src\traditional\proc\p18F8722.asm
                  CCP3CON   0x000fb7       data     extern C:\MCC18\src\traditional\proc\p18F8722.asm
              CCP3CONbits   0x000fb7       data     extern C:\MCC18\src\traditional\proc\p18F8722.asm
                 ECCP3CON   0x000fb7       data     extern C:\MCC18\src\traditional\proc\p18F8722.asm
             ECCP3CONbits   0x000fb7       data     extern C:\MCC18\src\traditional\proc\p18F8722.asm
                   CCPR3L   0x000fb8       data     extern C:\MCC18\src\traditional\proc\p18F8722.asm
                    CCPR3   0x000fb8       data     extern C:\MCC18\src\traditional\proc\p18F8722.asm
                   CCPR3H   0x000fb9       data     extern C:\MCC18\src\traditional\proc\p18F8722.asm
              CCP2CONbits   0x000fba       data     extern C:\MCC18\src\traditional\proc\p18F8722.asm
                  CCP2CON   0x000fba       data     extern C:\MCC18\src\traditional\proc\p18F8722.asm
             ECCP2CONbits   0x000fba       data     extern C:\MCC18\src\traditional\proc\p18F8722.asm
                 ECCP2CON   0x000fba       data     extern C:\MCC18\src\traditional\proc\p18F8722.asm
                   CCPR2L   0x000fbb       data     extern C:\MCC18\src\traditional\proc\p18F8722.asm
                    CCPR2   0x000fbb       data     extern C:\MCC18\src\traditional\proc\p18F8722.asm
                   CCPR2H   0x000fbc       data     extern C:\MCC18\src\traditional\proc\p18F8722.asm
             ECCP1CONbits   0x000fbd       data     extern C:\MCC18\src\traditional\proc\p18F8722.asm
                 ECCP1CON   0x000fbd       data     extern C:\MCC18\src\traditional\proc\p18F8722.asm
                  CCP1CON   0x000fbd       data     extern C:\MCC18\src\traditional\proc\p18F8722.asm
              CCP1CONbits   0x000fbd       data     extern C:\MCC18\src\traditional\proc\p18F8722.asm
                   CCPR1L   0x000fbe       data     extern C:\MCC18\src\traditional\proc\p18F8722.asm
                    CCPR1   0x000fbe       data     extern C:\MCC18\src\traditional\proc\p18F8722.asm
                   CCPR1H   0x000fbf       data     extern C:\MCC18\src\traditional\proc\p18F8722.asm
               ADCON2bits   0x000fc0       data     extern C:\MCC18\src\traditional\proc\p18F8722.asm
                   ADCON2   0x000fc0       data     extern C:\MCC18\src\traditional\proc\p18F8722.asm
                   ADCON1   0x000fc1       data     extern C:\MCC18\src\traditional\proc\p18F8722.asm
               ADCON1bits   0x000fc1       data     extern C:\MCC18\src\traditional\proc\p18F8722.asm
               ADCON0bits   0x000fc2       data     extern C:\MCC18\src\traditional\proc\p18F8722.asm
                   ADCON0   0x000fc2       data     extern C:\MCC18\src\traditional\proc\p18F8722.asm
                    ADRES   0x000fc3       data     extern C:\MCC18\src\traditional\proc\p18F8722.asm
                   ADRESL   0x000fc3       data     extern C:\MCC18\src\traditional\proc\p18F8722.asm
                   ADRESH   0x000fc4       data     extern C:\MCC18\src\traditional\proc\p18F8722.asm
                 SSP1CON2   0x000fc5       data     extern C:\MCC18\src\traditional\proc\p18F8722.asm
             SSP1CON2bits   0x000fc5       data     extern C:\MCC18\src\traditional\proc\p18F8722.asm
                  SSPCON2   0x000fc5       data     extern C:\MCC18\src\traditional\proc\p18F8722.asm
              SSPCON2bits   0x000fc5       data     extern C:\MCC18\src\traditional\proc\p18F8722.asm
                 SSP1CON1   0x000fc6       data     extern C:\MCC18\src\traditional\proc\p18F8722.asm
             SSP1CON1bits   0x000fc6       data     extern C:\MCC18\src\traditional\proc\p18F8722.asm
              SSPCON1bits   0x000fc6       data     extern C:\MCC18\src\traditional\proc\p18F8722.asm
                  SSPCON1   0x000fc6       data     extern C:\MCC18\src\traditional\proc\p18F8722.asm
                  SSPSTAT   0x000fc7       data     extern C:\MCC18\src\traditional\proc\p18F8722.asm
              SSPSTATbits   0x000fc7       data     extern C:\MCC18\src\traditional\proc\p18F8722.asm
             SSP1STATbits   0x000fc7       data     extern C:\MCC18\src\traditional\proc\p18F8722.asm
                 SSP1STAT   0x000fc7       data     extern C:\MCC18\src\traditional\proc\p18F8722.asm
                   SSPADD   0x000fc8       data     extern C:\MCC18\src\traditional\proc\p18F8722.asm
                  SSP1ADD   0x000fc8       data     extern C:\MCC18\src\traditional\proc\p18F8722.asm
                   SSPBUF   0x000fc9       data     extern C:\MCC18\src\traditional\proc\p18F8722.asm
                  SSP1BUF   0x000fc9       data     extern C:\MCC18\src\traditional\proc\p18F8722.asm
                    T2CON   0x000fca       data     extern C:\MCC18\src\traditional\proc\p18F8722.asm
                T2CONbits   0x000fca       data     extern C:\MCC18\src\traditional\proc\p18F8722.asm
                      PR2   0x000fcb       data     extern C:\MCC18\src\traditional\proc\p18F8722.asm
                     TMR2   0x000fcc       data     extern C:\MCC18\src\traditional\proc\p18F8722.asm
                    T1CON   0x000fcd       data     extern C:\MCC18\src\traditional\proc\p18F8722.asm
                T1CONbits   0x000fcd       data     extern C:\MCC18\src\traditional\proc\p18F8722.asm
                    TMR1L   0x000fce       data     extern C:\MCC18\src\traditional\proc\p18F8722.asm
                    TMR1H   0x000fcf       data     extern C:\MCC18\src\traditional\proc\p18F8722.asm
                 RCONbits   0x000fd0       data     extern C:\MCC18\src\traditional\proc\p18F8722.asm
                     RCON   0x000fd0       data     extern C:\MCC18\src\traditional\proc\p18F8722.asm
                   WDTCON   0x000fd1       data     extern C:\MCC18\src\traditional\proc\p18F8722.asm
               WDTCONbits   0x000fd1       data     extern C:\MCC18\src\traditional\proc\p18F8722.asm
                   LVDCON   0x000fd2       data     extern C:\MCC18\src\traditional\proc\p18F8722.asm
              HLVDCONbits   0x000fd2       data     extern C:\MCC18\src\traditional\proc\p18F8722.asm
                  HLVDCON   0x000fd2       data     extern C:\MCC18\src\traditional\proc\p18F8722.asm
               LVDCONbits   0x000fd2       data     extern C:\MCC18\src\traditional\proc\p18F8722.asm
               OSCCONbits   0x000fd3       data     extern C:\MCC18\src\traditional\proc\p18F8722.asm
                   OSCCON   0x000fd3       data     extern C:\MCC18\src\traditional\proc\p18F8722.asm
                    T0CON   0x000fd5       data     extern C:\MCC18\src\traditional\proc\p18F8722.asm
                T0CONbits   0x000fd5       data     extern C:\MCC18\src\traditional\proc\p18F8722.asm
                    TMR0L   0x000fd6       data     extern C:\MCC18\src\traditional\proc\p18F8722.asm
                    TMR0H   0x000fd7       data     extern C:\MCC18\src\traditional\proc\p18F8722.asm
               STATUSbits   0x000fd8       data     extern C:\MCC18\src\traditional\proc\p18F8722.asm
                   STATUS   0x000fd8       data     extern C:\MCC18\src\traditional\proc\p18F8722.asm
                    FSR2L   0x000fd9       data     extern C:\MCC18\src\traditional\proc\p18F8722.asm
                     FSR2   0x000fd9       data     extern C:\MCC18\src\traditional\proc\p18F8722.asm
                    FSR2H   0x000fda       data     extern C:\MCC18\src\traditional\proc\p18F8722.asm
                   PLUSW2   0x000fdb       data     extern C:\MCC18\src\traditional\proc\p18F8722.asm
                  PREINC2   0x000fdc       data     extern C:\MCC18\src\traditional\proc\p18F8722.asm
                 POSTDEC2   0x000fdd       data     extern C:\MCC18\src\traditional\proc\p18F8722.asm
                 POSTINC2   0x000fde       data     extern C:\MCC18\src\traditional\proc\p18F8722.asm
                    INDF2   0x000fdf       data     extern C:\MCC18\src\traditional\proc\p18F8722.asm
                      BSR   0x000fe0       data     extern C:\MCC18\src\traditional\proc\p18F8722.asm
                     FSR1   0x000fe1       data     extern C:\MCC18\src\traditional\proc\p18F8722.asm
                    FSR1L   0x000fe1       data     extern C:\MCC18\src\traditional\proc\p18F8722.asm
                    FSR1H   0x000fe2       data     extern C:\MCC18\src\traditional\proc\p18F8722.asm
                   PLUSW1   0x000fe3       data     extern C:\MCC18\src\traditional\proc\p18F8722.asm
                  PREINC1   0x000fe4       data     extern C:\MCC18\src\traditional\proc\p18F8722.asm
                 POSTDEC1   0x000fe5       data     extern C:\MCC18\src\traditional\proc\p18F8722.asm
                 POSTINC1   0x000fe6       data     extern C:\MCC18\src\traditional\proc\p18F8722.asm
                    INDF1   0x000fe7       data     extern C:\MCC18\src\traditional\proc\p18F8722.asm
                     WREG   0x000fe8       data     extern C:\MCC18\src\traditional\proc\p18F8722.asm
                     FSR0   0x000fe9       data     extern C:\MCC18\src\traditional\proc\p18F8722.asm
                    FSR0L   0x000fe9       data     extern C:\MCC18\src\traditional\proc\p18F8722.asm
                    FSR0H   0x000fea       data     extern C:\MCC18\src\traditional\proc\p18F8722.asm
                   PLUSW0   0x000feb       data     extern C:\MCC18\src\traditional\proc\p18F8722.asm
                  PREINC0   0x000fec       data     extern C:\MCC18\src\traditional\proc\p18F8722.asm
                 POSTDEC0   0x000fed       data     extern C:\MCC18\src\traditional\proc\p18F8722.asm
                 POSTINC0   0x000fee       data     extern C:\MCC18\src\traditional\proc\p18F8722.asm
                    INDF0   0x000fef       data     extern C:\MCC18\src\traditional\proc\p18F8722.asm
              INTCON3bits   0x000ff0       data     extern C:\MCC18\src\traditional\proc\p18F8722.asm
                  INTCON3   0x000ff0       data     extern C:\MCC18\src\traditional\proc\p18F8722.asm
              INTCON2bits   0x000ff1       data     extern C:\MCC18\src\traditional\proc\p18F8722.asm
                  INTCON2   0x000ff1       data     extern C:\MCC18\src\traditional\proc\p18F8722.asm
               INTCONbits   0x000ff2       data     extern C:\MCC18\src\traditional\proc\p18F8722.asm
                   INTCON   0x000ff2       data     extern C:\MCC18\src\traditional\proc\p18F8722.asm
                     PROD   0x000ff3       data     extern C:\MCC18\src\traditional\proc\p18F8722.asm
                    PRODL   0x000ff3       data     extern C:\MCC18\src\traditional\proc\p18F8722.asm
                    PRODH   0x000ff4       data     extern C:\MCC18\src\traditional\proc\p18F8722.asm
                   TABLAT   0x000ff5       data     extern C:\MCC18\src\traditional\proc\p18F8722.asm
                  TBLPTRL   0x000ff6       data     extern C:\MCC18\src\traditional\proc\p18F8722.asm
                   TBLPTR   0x000ff6       data     extern C:\MCC18\src\traditional\proc\p18F8722.asm
                  TBLPTRH   0x000ff7       data     extern C:\MCC18\src\traditional\proc\p18F8722.asm
                  TBLPTRU   0x000ff8       data     extern C:\MCC18\src\traditional\proc\p18F8722.asm
                       PC   0x000ff9       data     extern C:\MCC18\src\traditional\proc\p18F8722.asm
                      PCL   0x000ff9       data     extern C:\MCC18\src\traditional\proc\p18F8722.asm
                   PCLATH   0x000ffa       data     extern C:\MCC18\src\traditional\proc\p18F8722.asm
                   PCLATU   0x000ffb       data     extern C:\MCC18\src\traditional\proc\p18F8722.asm
                   STKPTR   0x000ffc       data     extern C:\MCC18\src\traditional\proc\p18F8722.asm
               STKPTRbits   0x000ffc       data     extern C:\MCC18\src\traditional\proc\p18F8722.asm
                      TOS   0x000ffd       data     extern C:\MCC18\src\traditional\proc\p18F8722.asm
                     TOSL   0x000ffd       data     extern C:\MCC18\src\traditional\proc\p18F8722.asm
                     TOSH   0x000ffe       data     extern C:\MCC18\src\traditional\proc\p18F8722.asm
                     TOSU   0x000fff       data     extern C:\MCC18\src\traditional\proc\p18F8722.asm


